// Jest Snapshot v1, https://goo.gl/fbAQLP

exports[`Beehive component related tests Should render App 1`] = `
<div>
  <div
    class="beehive"
  >
    <div
      class="beehive__reset"
    >
      <button
        class="beehive__reset-button"
      >
        Reset
      </button>
    </div>
    <section
      class="beehive__container"
    >
      <div
        class="bee"
      >
        <img
          alt="bee"
          class="bee__image"
          src="bee.png"
        />
        <div
          class="bee__process"
        >
          <input
            class="bee__process-input"
            type="number"
          />
          <button
            class="bee__process-button"
          >
            Reduce
          </button>
        </div>
        <div
          class="bee__status"
        >
          <div
            class="bee__status-health"
          >
            <span>
              100%
            </span>
          </div>
          <div
            class="bee__status-live"
          >
            <span
              class="bee__status-live-text"
            >
              Alive
            </span>
          </div>
        </div>
      </div>
      <div
        class="bee"
      >
        <img
          alt="bee"
          class="bee__image"
          src="bee.png"
        />
        <div
          class="bee__process"
        >
          <input
            class="bee__process-input"
            type="number"
          />
          <button
            class="bee__process-button"
          >
            Reduce
          </button>
        </div>
        <div
          class="bee__status"
        >
          <div
            class="bee__status-health"
          >
            <span>
              100%
            </span>
          </div>
          <div
            class="bee__status-live"
          >
            <span
              class="bee__status-live-text"
            >
              Alive
            </span>
          </div>
        </div>
      </div>
    </section>
  </div>
</div>
`;
